C51 COMPILER V9.54   DIANYUAN                                                              10/03/2020 07:50:45 PAGE 1   


C51 COMPILER V9.54, COMPILATION OF MODULE DIANYUAN
OBJECT MODULE PLACED IN .\Objects\dianyuan.obj
COMPILER INVOKED BY: D:\Keil_v5\C51\BIN\C51.EXE dianyuan.c OPTIMIZE(8,SPEED) BROWSE DEBUG OBJECTEXTEND PRINT(.\Listings\
                    -dianyuan.lst) TABS(2) OBJECT(.\Objects\dianyuan.obj)

line level    source

   1          #include<reg52.h>
   2          #define uchar unsigned char
   3          #define uint  unsigned int
   4          sbit key1=P1^0;                                      //端口定义,选择光标在个位或十位 
   5          sbit key2=P1^1;                                     
   6          sbit rs=P1^4;
   7          sbit en=P1^5;
   8          sbit DAC_CS=P3^2;
   9          sbit DAC_WR=P3^6;
  10          sbit ADC_CS=P0^0;
  11          sbit ADC_DI=P0^1;
  12          sbit ADC_DO=P0^2;
  13          uchar code table1[]="  liu zhu zhu do";                 //初始化显示
  14          uchar code table2[]="  dianya :0.0V ";                //初始化电源
  15          uchar volt=0;
  16          int n=0;
  17          int i=0;
  18          /*--------------------------------------------------------------------------------------------------------
             -------------
  19          函数全称: void delay(uint z)
  20          函数功能: 延时函数 （毫秒级）
  21          输    入：unit z
  22          ----------------------------------------------------------------------------------------------------------
             ----------*/
  23          void delay(uint z)                                     
  24                 
  25          {
  26   1        uint x,y;
  27   1         for(x=z;x>0;x--)
  28   1          for(y=110;y>0;y--);
  29   1      }
  30          /*--------------------------------------------------------------------------------------------------------
             -------------
  31          函数全称: void write_com()
  32          函数功能: 写指令到LCD1602
  33          输    入：uchar com
  34          ----------------------------------------------------------------------------------------------------------
             ----------*/
  35          void write_com(uchar com)                             
  36          {
  37   1         rs=0;                                             
  38   1         en=0;
  39   1         P0=com;
  40   1         delay(5);
  41   1         en=1;                                           
  42   1         delay(5);
  43   1         en=0;
  44   1      }
  45          /*--------------------------------------------------------------------------------------------------------
             -------------
  46          函数全称: void write_date()
  47          函数功能: 写数据到LCD1602
  48          输    入：uchar data
  49          ----------------------------------------------------------------------------------------------------------
C51 COMPILER V9.54   DIANYUAN                                                              10/03/2020 07:50:45 PAGE 2   

             ----------*/
  50          void write_date(uchar date)                         
  51          {
  52   1         rs=1;                                        
  53   1         en=0;
  54   1         P0=date;
  55   1         delay(5);
  56   1         en=1;                                              
  57   1         delay(5);
  58   1         en=0;
  59   1      }
  60          void write_sfm(uchar add,uchar date)
  61          {
  62   1        uchar shi,ge;
  63   1              uint temp = date/1.0;
  64   1        shi =temp/10;
  65   1        ge  =temp%10;
  66   1        write_com(0x80+0x40+add);
  67   1        write_date(0x30+shi);
  68   1        write_date('.');
  69   1        write_date(0x30+ge);
  70   1        write_date('V');
  71   1      }
  72          /*--------------------------------------------------------------------------------------------------------
             -------------
  73          函数全称: void Init_date()
  74          函数功能: lCD1602初始化子程序
  75          ----------------------------------------------------------------------------------------------------------
             ----------*/
  76          void Init()                                      
  77          {  
  78   1          uchar num;
  79   1          en=0;
  80   1        write_com(0x38);                          //置地址
  81   1        write_com(0x0c);                            
  82   1        write_com(0x06);                          //光标右移
  83   1        write_com(0x01);                          //清显示
  84   1        write_com(0x80);                          //lcd DDRAM设置
  85   1           for(num=0;num<16;num++)
  86   1          {
  87   2            write_date(table1[num]);
  88   2            delay(50);
  89   2          }
  90   1        write_com(0x80+0x40);                    //lcd第二行                 
  91   1        for(num=0;num<14;num++)
  92   1          {
  93   2            write_date(table2[num]);
  94   2            delay(50);
  95   2          }
  96   1      }
  97          /*--------------------------------------------------------------------------------------------------------
             -------------
  98          函数全称: void DA0832out()
  99          函数功能: 写电压数据到DAC0832
 100          输    入:char dadata
 101          ----------------------------------------------------------------------------------------------------------
             ----------*/
 102          void DA0832out(uchar dadata)                       
 103          {
 104   1        
 105   1         DAC_CS=0;
 106   1         P0=dadata;
C51 COMPILER V9.54   DIANYUAN                                                              10/03/2020 07:50:45 PAGE 3   

 107   1         DAC_WR=0;
 108   1         delay(5);
 109   1         DAC_WR=1;
 110   1         DAC_CS=1; 
 111   1      }
 112          /*--------------------------------------------------------------------------------------------------------
             -------------
 113          函数全称: void AD0832out()
 114          函数功能: 写电压数据到ADC0832
 115          输    入:char dadata
 116          ----------------------------------------------------------------------------------------------------------
             ----------*/
 117          void AD0832out(uchar dadata)                       
 118          {
 119   1        
 120   1         ADC_CS=0;
 121   1         P0=dadata;
 122   1         ADC_DI=0;
 123   1         delay(5);
 124   1         ADC_DO=1;
 125   1         ADC_CS=1; 
 126   1      }
 127          /*--------------------------------------------------------------------------------------------------------
             -------------
 128          
 129          函数全称: void keyscan()
 130          函数功能: 键盘扫描子程序
 131          输    入:char dadata
 132          返    回：无
 133          调用函数:write_com();write_voltage(); Da0832out();
 134          ----------------------------------------------------------------------------------------------------------
             ----------*/
 135          void keyscan()                                            
 136          {  
 137   1         //增大电压
 138   1         if(key1==0)
 139   1         {
 140   2            delay(5);//消抖
 141   2            if(key1==0)
 142   2            {
 143   3         while(key1==0);
 144   3         volt++;
 145   3         if(volt>=99) volt=99;  //限制最高9.9V
 146   3         write_sfm(10,volt);  
 147   3            }
 148   2         }
 149   1         //减小电压
 150   1         if(key2==0)
 151   1         {
 152   2            delay(5);//消抖
 153   2            if(key2==0)
 154   2            {
 155   3         while(key2==0);
 156   3         volt--;
 157   3         if(volt==0) volt=0;  //限制最低0V
 158   3         write_sfm(10,volt);
 159   3            }
 160   2         }
 161   1         //设置输出
 162   1         DA0832out(volt); 
 163   1      }
 164          /*--------------------------------------------------------------------------------------------------------
C51 COMPILER V9.54   DIANYUAN                                                              10/03/2020 07:50:45 PAGE 4   

             -------------
 165          函数全称: void main()  
 166          函数功能: 主函数
 167          调用函数:  Init();keyscan();
 168          ----------------------------------------------------------------------------------------------------------
             ----------*/
 169          void main()                                
 170          { 
 171   1       
 172   1        Init();  
 173   1        while(1)
 174   1         {
 175   2            DA0832out(volt);
 176   2           keyscan();                 
 177   2         }
 178   1        while(1);
 179   1      }


MODULE INFORMATION:   STATIC OVERLAYABLE
   CODE SIZE        =    314    ----
   CONSTANT SIZE    =     33    ----
   XDATA SIZE       =   ----    ----
   PDATA SIZE       =   ----    ----
   DATA SIZE        =      5       2
   IDATA SIZE       =   ----    ----
   BIT SIZE         =   ----    ----
END OF MODULE INFORMATION.


C51 COMPILATION COMPLETE.  0 WARNING(S),  0 ERROR(S)
