C51 COMPILER V9.54   DIANYUANOLD                                                           09/30/2020 10:26:54 PAGE 1   


C51 COMPILER V9.54, COMPILATION OF MODULE DIANYUANOLD
OBJECT MODULE PLACED IN .\Objects\dianyuanold.obj
COMPILER INVOKED BY: D:\Keil_v5\C51\BIN\C51.EXE dianyuanold.c OPTIMIZE(8,SPEED) BROWSE DEBUG OBJECTEXTEND PRINT(.\Listin
                    -gs\dianyuanold.lst) TABS(2) OBJECT(.\Objects\dianyuanold.obj)

line level    source

   1          #include<reg52.h>
   2          #define uchar unsigned char
   3          #define uint  unsigned int
   4          sbit key1=P1^0;                                      //端口定义,选择光标在个位或十位 
   5          sbit key2=P1^1;                                     
   6          sbit rs=P1^4;
   7          sbit en=P1^5;
   8          sbit DAC_CS=P3^2;
   9          sbit DAC_WR=P3^6;
  10          sbit ADC_CS=P0^0;
  11          sbit ADC_DI=P0^1;
  12          sbit ADC_DO=P0^2;
  13          uchar code table1[]="  liu zhu zhu do";                 //初始化显示
  14          uchar code table2[]="  dianya :0.0V ";                //初始化电源
  15          uchar volt=0;
  16          int n=0;
  17          int i=0;
  18          /*--------------------------------------------------------------------------------------------------------
             -------------
  19          函数全称: void delay(uint z)
  20          函数功能: 延时函数 （毫秒级）
  21          输    入：unit z
  22          ----------------------------------------------------------------------------------------------------------
             ----------*/
  23          void delay(uint z)                                     
  24                 
  25          {
  26   1        uint x,y;
  27   1         for(x=z;x>0;x--)
  28   1          for(y=110;y>0;y--);
  29   1      }
  30          /*--------------------------------------------------------------------------------------------------------
             -------------
  31          函数全称: void write_com()
  32          函数功能: 写指令到LCD1602
  33          输    入：uchar com
  34          ----------------------------------------------------------------------------------------------------------
             ----------*/
  35          void write_com(uchar com)                             
  36          {
  37   1         rs=0;                                             
  38   1         en=0;
  39   1         P0=com;
  40   1         delay(10);
  41   1         en=1;                                           
  42   1         delay(10);
  43   1         en=0;
  44   1      }
  45          /*--------------------------------------------------------------------------------------------------------
             -------------
  46          函数全称: void write_date()
  47          函数功能: 写数据到LCD1602
  48          输    入：uchar data
  49          ----------------------------------------------------------------------------------------------------------
C51 COMPILER V9.54   DIANYUANOLD                                                           09/30/2020 10:26:54 PAGE 2   

             ----------*/
  50          void write_date(uchar date)                         
  51          {
  52   1         rs=1;                                        
  53   1         en=0;
  54   1         P0=date;
  55   1         delay(10);
  56   1         en=1;                                              
  57   1         delay(10);
  58   1         en=0;
  59   1      }
  60          void write_sfm(uchar add,uchar date)
  61          {
  62   1        uchar qian,bai,shi,ge;
  63   1              uint temp = date/1.0;
  64   1        qian=temp/1000;
  65   1        bai =temp%1000/100;
  66   1        shi =temp%100/10;
  67   1        ge  =temp%10;
  68   1        write_com(0x80+0x40+add);
  69   1        write_date(0x30+qian);
  70   1        write_date('.');
  71   1        write_date(0x30+bai);
  72   1      //  write_date(0x30+shi);
  73   1      //  write_date(0x30+ge);
  74   1        write_date('V');
  75   1      }
  76          /*--------------------------------------------------------------------------------------------------------
             -------------
  77          函数全称: void Init_date()
  78          函数功能: lCD1602初始化子程序
  79          ----------------------------------------------------------------------------------------------------------
             ----------*/
  80          void Init()                                      
  81          {  
  82   1          uchar num;
  83   1          en=0;
  84   1        write_com(0x38);                          //置地址
  85   1        write_com(0x0c);                            
  86   1        write_com(0x06);                          //光标右移
  87   1        write_com(0x01);                          //清显示
  88   1        write_com(0x80);                          //lcd DDRAM设置
  89   1           for(num=0;num<16;num++)
  90   1          {
  91   2            write_date(table1[num]);
  92   2            delay(50);
  93   2          }
  94   1        write_com(0x80+0x40);                    //lcd第二行                 
  95   1        for(num=0;num<14;num++)
  96   1          {
  97   2            write_date(table2[num]);
  98   2            delay(50);
  99   2          }
 100   1      }
 101          /*--------------------------------------------------------------------------------------------------------
             -------------
 102          函数全称: void DA0832out()
 103          函数功能: 写电压数据到DAC0832
 104          输    入:char dadata
 105          ----------------------------------------------------------------------------------------------------------
             ----------*/
 106          void DA0832out(uchar dadata)                       
C51 COMPILER V9.54   DIANYUANOLD                                                           09/30/2020 10:26:54 PAGE 3   

 107          {
 108   1        
 109   1         DAC_CS=0;
 110   1         P0=dadata;
 111   1         DAC_WR=0;
 112   1         delay(5);
 113   1         DAC_WR=1;
 114   1         DAC_CS=1; 
 115   1      }
 116          /*--------------------------------------------------------------------------------------------------------
             -------------
 117          函数全称: void AD0832out()
 118          函数功能: 写电压数据到ADC0832
 119          输    入:char dadata
 120          ----------------------------------------------------------------------------------------------------------
             ----------*/
 121          void AD0832out(uchar dadata)                       
 122          {
 123   1        
 124   1         ADC_CS=0;
 125   1         P0=dadata;
 126   1         ADC_DI=0;
 127   1         delay(50);
 128   1         ADC_DO=1;
 129   1         ADC_CS=1; 
 130   1      }
 131          /*--------------------------------------------------------------------------------------------------------
             -------------
 132          
 133          函数全称: void keyscan()
 134          函数功能: 键盘扫描子程序
 135          输    入:char dadata
 136          返    回：无
 137          调用函数:write_com();write_voltage(); Da0832out();
 138          ----------------------------------------------------------------------------------------------------------
             ----------*/
 139          void keyscan()                                            
 140          {  
 141   1         //增大电压
 142   1         if(key1==0)
 143   1         {
 144   2            delay(5);//消抖
 145   2            if(key1==0)
 146   2            {
 147   3         while(key1==0);
 148   3         volt=volt+100;
 149   3         if(volt>=9900) volt=9900;
 150   3         write_sfm(10,volt);
 151   3            }
 152   2         }
 153   1         //减小电压
 154   1         if(key2==0)
 155   1         {
 156   2            delay(5);//消抖
 157   2            if(key2==0)
 158   2            {
 159   3         while(key2==0);
 160   3         volt=volt-100;
 161   3         if(volt==0) volt=0;
 162   3         write_sfm(10,volt);
 163   3            }
 164   2         }
C51 COMPILER V9.54   DIANYUANOLD                                                           09/30/2020 10:26:54 PAGE 4   

 165   1         //设置输出
 166   1         DA0832out(volt); 
 167   1      }
 168          /*--------------------------------------------------------------------------------------------------------
             -------------
 169          函数全称: void main()  
 170          函数功能: 主函数
 171          调用函数:  Init();keyscan();
 172          ----------------------------------------------------------------------------------------------------------
             ----------*/
 173          void main()                                
 174          { 
 175   1       
 176   1        Init();  
 177   1        while(1)
 178   1         {
 179   2            DA0832out(volt);
 180   2           keyscan();                 
 181   2         }
 182   1        while(1);
 183   1      }


MODULE INFORMATION:   STATIC OVERLAYABLE
   CODE SIZE        =    393    ----
   CONSTANT SIZE    =     33    ----
   XDATA SIZE       =   ----    ----
   PDATA SIZE       =   ----    ----
   DATA SIZE        =      5       5
   IDATA SIZE       =   ----    ----
   BIT SIZE         =   ----    ----
END OF MODULE INFORMATION.


C51 COMPILATION COMPLETE.  0 WARNING(S),  0 ERROR(S)
